// Jest Snapshot v1, https://goo.gl/fbAQLP

exports[`Benefits.js matches snapshot 1`] = `
<section
  data-testid="benefits"
  id="benefits"
>
  <div
    className="react-reveal row"
    style={
      Object {
        "opacity": undefined,
      }
    }
  >
    <h4
      className="react-reveal"
      style={
        Object {
          "opacity": undefined,
        }
      }
    >
      BENEFITS
    </h4>
    <div
      className="twelve columns collapsed"
    >
      <div
        className="bgrid-quarters s-bgrid-thirds cf"
      >
        <ul>
          <li>
            <span
              style={
                Object {
                  "color": "green",
                }
              }
            >
              ✔
               
            </span>
            Learn to test software
          </li>
          <li>
             
            <span
              style={
                Object {
                  "color": "green",
                }
              }
            >
              ✔
               
            </span>
            Gain hands on testing experience
          </li>
          <li>
             
            <span
              style={
                Object {
                  "color": "green",
                }
              }
            >
              ✔
               
            </span>
            Test real applications
          </li>
          <li>
             
            <span
              style={
                Object {
                  "color": "green",
                }
              }
            >
              ✔
               
            </span>
            Be part of an Agile team
          </li>
          <li>
             
            <span
              style={
                Object {
                  "color": "green",
                }
              }
            >
              ✔
               
            </span>
            Interact, shadow and learn from professional testers
          </li>
          <li>
             
            <span
              style={
                Object {
                  "color": "green",
                }
              }
            >
              ✔
               
            </span>
            Apply modern testing tools and technologies on a daily basis
            <ul>
              <li>
                - JavaScript and/or Python
              </li>
              <li>
                - Test automation -
                &gt;
                 Selenium and/or Cypress and/or TestCafe, BrowserStack, API tests, Postman
              </li>
              <li>
                - Test reporting using ReportPortal
              </li>
              <li>
                - Test case management with TestRail
              </li>
              <li>
                - Version control with git
              </li>
              <li>
                - Share your code on GitHub
              </li>
              <li>
                - CI/CD with GitHub Actions
              </li>
              <li>
                - Issue tracking with Jira
              </li>
            </ul>
          </li>
          <li>
            <span
              style={
                Object {
                  "color": "green",
                }
              }
            >
              ✔
               
            </span>
            Interview training and mock interviews
          </li>
          <li>
             
            <span
              style={
                Object {
                  "color": "green",
                }
              }
            >
              ✔
               
            </span>
            Detailed resume reviews
          </li>
          <li>
             
            <span
              style={
                Object {
                  "color": "green",
                }
              }
            >
              ✔
               
            </span>
            Weekly talks from industry veterans
          </li>
          <li>
             
            <span
              style={
                Object {
                  "color": "green",
                }
              }
            >
              ✔
               
            </span>
            Guide to becoming an open source contributor
          </li>
        </ul>
      </div>
    </div>
  </div>
</section>
`;
